
[Test_ResponsePayload_String/Basic - 1]
200
Hello, world!
---
